converged SCF energy = -76.0267720533922
E(MP2) = -76.2307756253752  E_corr = -0.204003571982972
E(CCSD) = -76.24009949254888  E_corr = -0.2133274391566807
E(MP2) = -76.038316017619  E_corr = -0.0115439642268113
E(MP2) = -76.0480326464418  E_corr = -0.0212605930496074
E(CCSD) = -76.22957590376782  E_corr = -0.20280385037563
E(MP2) = -76.038316017619  E_corr = -0.0115439642268113
E(MP2) = -76.0480326464418  E_corr = -0.0212605930496075
E(CCSD) = -76.22957590376782  E_corr = -0.202803850375634
converged SCF energy = -76.0267720533922
E(MP2) = -76.2307756253752  E_corr = -0.204003571982974
E(CCSD) = -76.24009949254894  E_corr = -0.2133274391566813
E(MP2) = -76.0383160176191  E_corr = -0.0115439642268125
E(MP2) = -76.0480326464419  E_corr = -0.0212605930496085
E(CCSD) = -76.22957590376788  E_corr = -0.2028038503756376
E(MP2) = -76.0383160176191  E_corr = -0.0115439642268125
E(MP2) = -76.0480326464419  E_corr = -0.0212605930496085
E(CCSD) = -76.22957590376788  E_corr = -0.2028038503756369
converged SCF energy = -76.0267720533921
E(MP2) = -76.2307756253751  E_corr = -0.204003571982972
converged SCF energy = -76.0267720533922
E(MP2) = -76.2307756253751  E_corr = -0.204003571982972
converged SCF energy = -76.0267720533921
E(MP2) = -76.230775625375  E_corr = -0.204003571982972
E(CCSD) = -76.24009949254877  E_corr = -0.2133274391566815
E(MP2) = -76.0383160176189  E_corr = -0.0115439642268107
E(MP2) = -76.0480326464417  E_corr = -0.0212605930496069
E(CCSD) = -76.22957590376771  E_corr = -0.2028038503756335
E(MP2) = -76.0383160176189  E_corr = -0.0115439642268107
E(MP2) = -76.0480326464417  E_corr = -0.0212605930496069
E(CCSD) = -76.22957590376771  E_corr = -0.2028038503756323
converged SCF energy = -76.0267720533921
E(MP2) = -76.230775625375  E_corr = -0.204003571982972
E(CCSD) = -76.24009949254877  E_corr = -0.213327439156682
E(MP2) = -76.0383160176189  E_corr = -0.0115439642268108
E(MP2) = -76.0480326464417  E_corr = -0.021260593049607
E(CCSD) = -76.22957590376771  E_corr = -0.2028038503756326
E(MP2) = -76.0383160176189  E_corr = -0.0115439642268108
E(MP2) = -76.0480326464417  E_corr = -0.021260593049607
E(CCSD) = -76.22957590376771  E_corr = -0.2028038503756332
converged SCF energy = -76.0267720533922
E(MP2) = -76.2307756253752  E_corr = -0.204003571982974
E(CCSD) = -76.24009949254891  E_corr = -0.2133274391566806
E(MP2) = -76.038316017619  E_corr = -0.0115439642268121
E(MP2) = -76.0480326464418  E_corr = -0.0212605930496081
E(CCSD) = -76.22957590376785  E_corr = -0.2028038503756364
E(MP2) = -76.038316017619  E_corr = -0.0115439642268122
E(MP2) = -76.0480326464418  E_corr = -0.0212605930496081
E(CCSD) = -76.22957590376785  E_corr = -0.202803850375636
converged SCF energy = -76.0267720533921
E(MP2) = -76.2307756253751  E_corr = -0.204003571982974
E(CCSD) = -76.24009949254879  E_corr = -0.2133274391566811
E(MP2) = -76.0383160176189  E_corr = -0.0115439642268118
E(MP2) = -76.0480326464417  E_corr = -0.0212605930496078
E(CCSD) = -76.22957590376774  E_corr = -0.202803850375634
E(MP2) = -76.0383160176189  E_corr = -0.0115439642268118
E(MP2) = -76.0480326464417  E_corr = -0.0212605930496078
E(CCSD) = -76.22957590376774  E_corr = -0.202803850375635
converged SCF energy = -76.0267720533922
E(MP2) = -76.2307756253752  E_corr = -0.204003571982973
E(CCSD) = -76.24009949254889  E_corr = -0.2133274391566808
E(MP2) = -76.038316017619  E_corr = -0.011543964226812
E(MP2) = -76.0480326464418  E_corr = -0.021260593049608
E(CCSD) = -76.22957590376784  E_corr = -0.2028038503756348
E(MP2) = -76.038316017619  E_corr = -0.011543964226812
E(MP2) = -76.0480326464418  E_corr = -0.021260593049608
E(CCSD) = -76.22957590376784  E_corr = -0.2028038503756364
converged SCF energy = -76.0267720533922
E(MP2) = -76.2307756253752  E_corr = -0.204003571982973
E(CCSD) = -76.24009949254888  E_corr = -0.2133274391566811
E(MP2) = -76.038316017619  E_corr = -0.0115439642268117
E(MP2) = -76.0480326464418  E_corr = -0.0212605930496079
E(CCSD) = -76.22957590376782  E_corr = -0.202803850375635
E(MP2) = -76.038316017619  E_corr = -0.0115439642268118
E(MP2) = -76.0480326464418  E_corr = -0.0212605930496079
E(CCSD) = -76.22957590376782  E_corr = -0.2028038503756346
converged SCF energy = -76.0267720533921
E(MP2) = -76.2307756253751  E_corr = -0.204003571982973
E(CCSD) = -76.24009949254882  E_corr = -0.213327439156681
E(MP2) = -76.038316017619  E_corr = -0.0115439642268118
E(MP2) = -76.0480326464417  E_corr = -0.0212605930496079
E(CCSD) = -76.22957590376777  E_corr = -0.2028038503756337
E(MP2) = -76.038316017619  E_corr = -0.0115439642268118
E(MP2) = -76.0480326464417  E_corr = -0.021260593049608
E(CCSD) = -76.22957590376777  E_corr = -0.2028038503756354
converged SCF energy = -76.0267720533922
E(MP2) = -76.2307756253752  E_corr = -0.204003571982972
E(CCSD) = -76.24009949254891  E_corr = -0.2133274391566809
E(MP2) = -76.038316017619  E_corr = -0.0115439642268112
E(MP2) = -76.0480326464418  E_corr = -0.0212605930496073
E(CCSD) = -76.22957590376785  E_corr = -0.2028038503756306
E(MP2) = -76.038316017619  E_corr = -0.0115439642268113
E(MP2) = -76.0480326464418  E_corr = -0.0212605930496074
E(CCSD) = -76.22957590376785  E_corr = -0.202803850375634
converged SCF energy = -76.0267720533921
E(MP2) = -76.2307756253751  E_corr = -0.204003571982974
E(CCSD) = -76.24009949254882  E_corr = -0.2133274391566814
E(MP2) = -76.038316017619  E_corr = -0.011543964226812
E(MP2) = -76.0480326464417  E_corr = -0.021260593049608
E(CCSD) = -76.22957590376777  E_corr = -0.2028038503756354
E(MP2) = -76.038316017619  E_corr = -0.011543964226812
E(MP2) = -76.0480326464417  E_corr = -0.0212605930496081
E(CCSD) = -76.22957590376777  E_corr = -0.202803850375635
converged SCF energy = -76.0267720533922
E(MP2) = -76.2307756253751  E_corr = -0.204003571982973
E(CCSD) = -76.24009949254884  E_corr = -0.2133274391566813
E(MP2) = -76.038316017619  E_corr = -0.0115439642268118
E(MP2) = -76.0480326464418  E_corr = -0.0212605930496079
E(CCSD) = -76.22957590376778  E_corr = -0.2028038503756333
E(MP2) = -76.038316017619  E_corr = -0.0115439642268118
E(MP2) = -76.0480326464418  E_corr = -0.0212605930496079
E(CCSD) = -76.22957590376778  E_corr = -0.2028038503756348
converged SCF energy = -76.0267720533922
E(MP2) = -76.2307756253751  E_corr = -0.204003571982973
E(CCSD) = -76.24009949254885  E_corr = -0.2133274391566808
E(MP2) = -76.038316017619  E_corr = -0.0115439642268115
E(MP2) = -76.0480326464418  E_corr = -0.0212605930496077
E(CCSD) = -76.2295759037678  E_corr = -0.2028038503756353
E(MP2) = -76.038316017619  E_corr = -0.0115439642268115
E(MP2) = -76.0480326464418  E_corr = -0.0212605930496076
E(CCSD) = -76.2295759037678  E_corr = -0.2028038503756344
converged SCF energy = -76.0267720533921
E(MP2) = -76.230775625375  E_corr = -0.204003571982972
E(CCSD) = -76.24009949254877  E_corr = -0.2133274391566814
E(MP2) = -76.0383160176189  E_corr = -0.0115439642268108
E(MP2) = -76.0480326464417  E_corr = -0.021260593049607
E(CCSD) = -76.22957590376771  E_corr = -0.2028038503756325
E(MP2) = -76.0383160176189  E_corr = -0.0115439642268108
E(MP2) = -76.0480326464417  E_corr = -0.0212605930496071
E(CCSD) = -76.22957590376771  E_corr = -0.2028038503756329
converged SCF energy = -76.0267720533922
E(MP2) = -76.2307756253752  E_corr = -0.204003571982974
E(CCSD) = -76.24009949254889  E_corr = -0.2133274391566823
E(MP2) = -76.038316017619  E_corr = -0.0115439642268118
E(MP2) = -76.0480326464418  E_corr = -0.0212605930496079
E(CCSD) = -76.22957590376784  E_corr = -0.2028038503756328
E(MP2) = -76.038316017619  E_corr = -0.0115439642268117
E(MP2) = -76.0480326464418  E_corr = -0.0212605930496079
E(CCSD) = -76.22957590376784  E_corr = -0.2028038503756348
converged SCF energy = -76.0267720533922
E(MP2) = -76.2307756253751  E_corr = -0.204003571982973
converged SCF energy = -76.0267720533923
E(MP2) = -76.2307756253753  E_corr = -0.204003571982974
E(CCSD) = -76.24009949254896  E_corr = -0.2133274391566809
E(MP2) = -76.0383160176191  E_corr = -0.0115439642268125
E(MP2) = -76.0480326464419  E_corr = -0.0212605930496084
E(CCSD) = -76.22957590376791  E_corr = -0.2028038503756363
E(MP2) = -76.0383160176191  E_corr = -0.0115439642268125
E(MP2) = -76.0480326464419  E_corr = -0.0212605930496084
E(CCSD) = -76.22957590376791  E_corr = -0.2028038503756377
converged SCF energy = -76.0267720533922
E(MP2) = -76.2307756253751  E_corr = -0.204003571982973
E(CCSD) = -76.24009949254884  E_corr = -0.2133274391566815
E(MP2) = -76.038316017619  E_corr = -0.0115439642268115
E(MP2) = -76.0480326464418  E_corr = -0.0212605930496076
E(CCSD) = -76.22957590376778  E_corr = -0.2028038503756341
E(MP2) = -76.038316017619  E_corr = -0.0115439642268116
E(MP2) = -76.0480326464418  E_corr = -0.0212605930496077
E(CCSD) = -76.22957590376778  E_corr = -0.2028038503756328
